exports[`App Content looks how we want it to look 1`] = `
<p
  className="App-intro">
  To get started, edit 
  <code>
    src/App.js
  </code>
   and save to reload.
</p>
`;
