exports[`App Header looks how we want it to look 1`] = `
<div
  className="App-header">
  <img
    alt="logo"
    className="App-logo"
    src="test-file-stub" />
  <h2>
    Welcome to React
  </h2>
</div>
`;
